  MC: Q 1.2831 vs G 1.2955; V 0.01078 vs resid^2 0.01087 | TD: Q 1.2532, V 0.02165, stat 1.5359 vs MC stat 1.4931
  MC: Q 1.2889 vs G 1.3157; V 0.01650 vs resid^2 0.04980 | TD: Q 1.4061, V 0.02740, stat 1.6214 vs MC stat 1.5491
  MC: Q 1.2898 vs G 1.2817; V 0.01025 vs resid^2 0.01296 | TD: Q 1.3449, V 0.01544, stat 1.5765 vs MC stat 1.4980
  MC: Q 1.2844 vs G 1.3053; V 0.01034 vs resid^2 0.04097 | TD: Q 1.3576, V 0.01899, stat 1.5817 vs MC stat 1.4938
  MC: Q 1.2740 vs G 1.2910; V 0.00767 vs resid^2 0.00862 | TD: Q 1.3604, V 0.02620, stat 1.6122 vs MC stat 1.4512
  MC: Q 1.2856 vs G 1.2886; V 0.00926 vs resid^2 0.01255 | TD: Q 1.3499, V 0.02152, stat 1.6082 vs MC stat 1.4835
  MC: Q 1.2761 vs G 1.3005; V 0.00991 vs resid^2 0.01275 | TD: Q 1.3431, V 0.03003, stat 1.6278 vs MC stat 1.4800
  MC: Q 1.2921 vs G 1.2887; V 0.01393 vs resid^2 0.00946 | TD: Q 1.2758, V 0.01377, stat 1.5427 vs MC stat 1.5352
  MC: Q 1.2765 vs G 1.2876; V 0.01297 vs resid^2 0.01078 | TD: Q 1.3919, V 0.02289, stat 1.5999 vs MC stat 1.5093
  MC: Q 1.2991 vs G 1.2992; V 0.01242 vs resid^2 0.00995 | TD: Q 1.3947, V 0.02435, stat 1.6044 vs MC stat 1.5179
  WCSAC always-on statistic (val) 1.5011 -> d_ret 1.7129
  -> sim/results/r2/calibration.json
  val TextbookDPP:1e-06    P= 1501.2 CVaR=3.072
  val TextbookDPP:3e-06    P= 1501.1 CVaR=3.072
  val TextbookDPP:1e-05    P= 1500.9 CVaR=3.073
  val TextbookDPP:3e-05    P= 1498.4 CVaR=3.073
  val TextbookDPP:0.0001   P= 1480.4 CVaR=3.078
  val TextbookDPP:0.0002   P= 1450.7 CVaR=3.097
  val TextbookDPP:0.0003   P= 1418.2 CVaR=3.144
  val TextbookDPP:0.0004   P= 1374.7 CVaR=3.278
  val TextbookDPP:0.0005   P= 1329.2 CVaR=3.541
  val TextbookDPP:0.0006   P= 1274.7 CVaR=3.977
  val TextbookDPP:0.0007   P= 1221.5 CVaR=4.294
  val TextbookDPP:0.0008   P= 1151.9 CVaR=4.695
  val TextbookDPP:0.001    P= 1074.8 CVaR=5.664
  val TextbookDPP:0.003    P=  693.1 CVaR=9.796
  val TextbookDPP:0.01     P=  521.5 CVaR=10.000
  selected V: TextbookDPP:0.0004
  -> sim/results/r2/calibration.json
  test TextbookDPP:1e-06    P= 1500.5 CVaR=3.054 tog=96
  test TextbookDPP:3e-06    P= 1500.5 CVaR=3.055 tog=97
  test TextbookDPP:1e-05    P= 1500.2 CVaR=3.054 tog=104
  test TextbookDPP:3e-05    P= 1497.5 CVaR=3.055 tog=160
  test TextbookDPP:0.0001   P= 1479.3 CVaR=3.059 tog=493
  test TextbookDPP:0.0002   P= 1449.4 CVaR=3.076 tog=821
  test TextbookDPP:0.0003   P= 1416.7 CVaR=3.131 tog=1089
  test TextbookDPP:0.0004   P= 1373.3 CVaR=3.252 tog=1375
  test TextbookDPP:0.0005   P= 1327.2 CVaR=3.545 tog=1753
  test TextbookDPP:0.0006   P= 1272.8 CVaR=4.001 tog=2210
  test TextbookDPP:0.0007   P= 1219.4 CVaR=4.367 tog=2613
  test TextbookDPP:0.0008   P= 1148.2 CVaR=4.760 tog=2921
  test TextbookDPP:0.001    P= 1072.1 CVaR=5.725 tog=3566
  test TextbookDPP:0.003    P=  694.0 CVaR=9.780 tog=5412
  test TextbookDPP:0.01     P=  522.6 CVaR=10.000 tog=2372
  -> sim/results/r2/classical.json
  [1/20] WCSAC seed 859387382: 984s (elapsed 984s)
  [2/20] WCSAC seed 2866381271: 985s (elapsed 985s)
  [3/20] WCSAC seed 765964185: 985s (elapsed 986s)
  [4/20] WCSAC seed 3736873475: 1002s (elapsed 1002s)
  [5/20] WCSAC seed 2037261841: 1010s (elapsed 1011s)
  [6/20] WCSAC seed 1345259536: 1018s (elapsed 1019s)
  [7/20] WCSAC seed 1494885813: 1029s (elapsed 1030s)
  [8/20] WCSAC+F seed 2037261841: 1030s (elapsed 1030s)
  [9/20] WCSAC+F seed 3216124221: 1035s (elapsed 1035s)
  [10/20] WCSAC seed 396484212: 1034s (elapsed 1035s)
  [11/20] WCSAC+F seed 1494885813: 1043s (elapsed 1043s)
  [12/20] WCSAC seed 3311302123: 1059s (elapsed 1059s)
  [13/20] WCSAC+F seed 1345259536: 1074s (elapsed 1075s)
  [14/20] WCSAC+F seed 859387382: 1076s (elapsed 1076s)
  [15/20] WCSAC+F seed 765964185: 1091s (elapsed 1091s)
  [16/20] WCSAC+F seed 396484212: 1102s (elapsed 1103s)
  [17/20] WCSAC seed 3216124221: 1109s (elapsed 1111s)
  [18/20] WCSAC+F seed 3311302123: 1129s (elapsed 1130s)
  [19/20] WCSAC+F seed 3736873475: 1134s (elapsed 1136s)
  [20/20] WCSAC+F seed 2866381271: 1231s (elapsed 1231s)
  WCSAC    P= 1508.1 CVaR=5.899 awake=6.56
  WCSAC+F  P= 1443.0 CVaR=3.727 awake=6.33
  -> sim/results/r2/learned_headline_filter_sens_scale.json
[r2_rerun] all done in 1530s
