=== calibrate Sat Sep 26 12:47:30 AM CDT 2026
[calibrate] validation seeds
  Gamma_AO(val)=3.067 tightness=1.141 d_mean=1.519 d_ret=0.6931
  selected rho: DriftPlusPenalty:0.875
  selected qs: None
  selected V: None
  -> sim/results/r2/calibration.json
[r2] calibrate done in 64s
=== feasible Sat Sep 26 12:48:36 AM CDT 2026
[feasible] certified floor and always-on reference
  Gamma0=2.019 (pattern-min 2.019)  Gamma_AO=3.050  ratio condition on all seeds: True
  -> sim/results/r2/feasibility.json
[r2] feasible done in 4s
=== classical Sat Sep 26 12:48:41 AM CDT 2026
[classical] test seeds
  -> sim/results/r2/classical.json
[r2] classical done in 26s
=== train Sat Sep 26 12:49:08 AM CDT 2026
[train] 250 jobs x 3200 updates
  [1/250] SafeRL-K37 seed 1494885813: 1105s  (elapsed 1106s)
  [2/250] SafeRL-K37 seed 859387382: 1106s  (elapsed 1107s)
  [3/250] SafeRL-K37 seed 1345259536: 1108s  (elapsed 1109s)
  [4/250] SafeRL-K37 seed 2037261841: 1127s  (elapsed 1128s)
  [5/250] SafeRL-K37 seed 3311302123: 1138s  (elapsed 1139s)
  [6/250] SafeRL-K37 seed 3736873475: 1143s  (elapsed 1144s)
  [7/250] SafeRL-K37 seed 3216124221: 1151s  (elapsed 1153s)
  [8/250] SafeRL-K37 seed 2866381271: 1162s  (elapsed 1163s)
  [9/250] SafeRL-K37 seed 396484212: 1183s  (elapsed 1184s)
  [10/250] SafeRL-K61 seed 3216124221: 1184s  (elapsed 1185s)
  [11/250] SafeRL-K61 seed 3311302123: 1187s  (elapsed 1189s)
  [12/250] SafeRL-K61 seed 1494885813: 1199s  (elapsed 1200s)
  [13/250] SafeRL-K61 seed 2866381271: 1222s  (elapsed 1223s)
  [14/250] SafeRL-K61 seed 3736873475: 1260s  (elapsed 1261s)
  [15/250] SafeRL-K61 seed 2037261841: 1283s  (elapsed 1284s)
  [16/250] SafeRL-K61 seed 765964185: 1365s  (elapsed 1367s)
  [17/250] SafeRL-K61 seed 859387382: 1428s  (elapsed 1429s)
  [18/250] SafeRL-K61 seed 1345259536: 1467s  (elapsed 1469s)
  [19/250] SafeRL-K61 seed 396484212: 1532s  (elapsed 1534s)
  [20/250] SafeRL-K37 seed 765964185: 1617s  (elapsed 1618s)
  [21/250] SafeRL-K19 seed 2866381271: 966s  (elapsed 2076s)
  [22/250] SafeRL seed 3736873475: 887s  (elapsed 2076s)
  [23/250] SafeRL seed 3216124221: 892s  (elapsed 2092s)
  [24/250] SafeRL-K19 seed 3216124221: 995s  (elapsed 2102s)
  [25/250] SafeRL-K19 seed 3311302123: 980s  (elapsed 2108s)
  [26/250] SafeRL seed 2866381271: 892s  (elapsed 2115s)
  [27/250] SafeRL-K19 seed 2037261841: 986s  (elapsed 2125s)
  [28/250] SafeRL-K19 seed 1494885813: 988s  (elapsed 2132s)
  [29/250] SafeRL-K19 seed 396484212: 992s  (elapsed 2155s)
  [30/250] SafeRL seed 3311302123: 901s  (elapsed 2162s)
  [31/250] SafeRL-K19 seed 859387382: 981s  (elapsed 2166s)
  [32/250] SafeRL seed 2037261841: 975s  (elapsed 2259s)
  [33/250] SafeRL-K19 seed 3736873475: 1185s  (elapsed 2291s)
  [34/250] SafeRL seed 765964185: 904s  (elapsed 2333s)
  [35/250] SafeRL seed 396484212: 872s  (elapsed 2341s)
  [36/250] SafeRL-K19 seed 765964185: 1208s  (elapsed 2360s)
  [37/250] SafeRL seed 1345259536: 907s  (elapsed 2440s)
  [38/250] SafeRL seed 859387382: 898s  (elapsed 2516s)
  [39/250] SafeRL-K19 seed 1345259536: 1353s  (elapsed 2538s)
  [40/250] SafeRL seed 1494885813: 1190s  (elapsed 2557s)
  [41/250] LagPPO seed 3216124221: 811s  (elapsed 2887s)
  [42/250] LagPPO seed 3736873475: 816s  (elapsed 2892s)
  [43/250] LagPPO seed 2866381271: 814s  (elapsed 2906s)
  [44/250] LagPPO seed 2037261841: 809s  (elapsed 2917s)
  [45/250] LagPPO seed 396484212: 817s  (elapsed 2949s)
  [46/250] CRPO seed 3736873475: 808s  (elapsed 2975s)
  [47/250] LagPPO seed 1345259536: 855s  (elapsed 3011s)
  [48/250] CRPO seed 3216124221: 804s  (elapsed 3062s)
  [49/250] LagPPO seed 1494885813: 955s  (elapsed 3070s)
  [50/250] LagPPO seed 859387382: 931s  (elapsed 3093s)
  [51/250] CRPO seed 2866381271: 845s  (elapsed 3137s)
  [52/250] CRPO seed 2037261841: 800s  (elapsed 3141s)
  [53/250] LagPPO seed 3311302123: 1068s  (elapsed 3171s)
  [54/250] CRPO seed 765964185: 811s  (elapsed 3251s)
  [55/250] CRPO seed 1494885813: 893s  (elapsed 3253s)
  [56/250] CRPO seed 396484212: 806s  (elapsed 3322s)
  [57/250] LagPPO seed 765964185: 1214s  (elapsed 3339s)
  [58/250] CRPO seed 1345259536: 810s  (elapsed 3348s)
  [59/250] CRPO seed 859387382: 798s  (elapsed 3354s)
  [60/250] CRPO seed 3311302123: 1215s  (elapsed 3548s)
  [61/250] WCSAC seed 3216124221: 881s  (elapsed 3773s)
  [62/250] WCSAC seed 3736873475: 891s  (elapsed 3778s)
  [63/250] WCSAC seed 2866381271: 879s  (elapsed 3785s)
  [64/250] WCSAC seed 3311302123: 889s  (elapsed 3806s)
  [65/250] WCSAC seed 2037261841: 893s  (elapsed 3843s)
  [66/250] WCSAC seed 1494885813: 877s  (elapsed 3852s)
  [67/250] WCSAC seed 765964185: 877s  (elapsed 3887s)
  [68/250] WCSAC seed 396484212: 884s  (elapsed 3946s)
  [69/250] WCSAC seed 859387382: 887s  (elapsed 3980s)
  [70/250] LagPPO+F seed 3736873475: 850s  (elapsed 3987s)
  [71/250] LagPPO+F seed 3216124221: 850s  (elapsed 3990s)
  [72/250] LagPPO+F seed 2037261841: 859s  (elapsed 4112s)
  [73/250] LagPPO+F seed 3311302123: 864s  (elapsed 4115s)
  [74/250] LagPPO+F seed 1494885813: 845s  (elapsed 4167s)
  [75/250] LagPPO+F seed 396484212: 855s  (elapsed 4203s)
  [76/250] LagPPO+F seed 1345259536: 849s  (elapsed 4203s)
  [77/250] WCSAC seed 1345259536: 1283s  (elapsed 4353s)
  [78/250] LagPPO+F seed 2866381271: 1385s  (elapsed 4556s)
  [79/250] CRPO+F seed 3216124221: 884s  (elapsed 4663s)
  [80/250] CRPO+F seed 3736873475: 890s  (elapsed 4663s)
  [81/250] CRPO+F seed 2866381271: 884s  (elapsed 4669s)
  [82/250] CRPO+F seed 3311302123: 889s  (elapsed 4695s)
  [83/250] LagPPO+F seed 765964185: 1383s  (elapsed 4722s)
  [84/250] CRPO+F seed 1494885813: 879s  (elapsed 4731s)
  [85/250] CRPO+F seed 2037261841: 893s  (elapsed 4736s)
  [86/250] LagPPO+F seed 859387382: 1195s  (elapsed 4743s)
  [87/250] CRPO+F seed 765964185: 883s  (elapsed 4771s)
  [88/250] CRPO+F seed 396484212: 887s  (elapsed 4833s)
  [89/250] CRPO+F seed 1345259536: 882s  (elapsed 4862s)
  [90/250] WCSAC+F seed 3736873475: 1017s  (elapsed 5007s)
  [91/250] WCSAC+F seed 2866381271: 1005s  (elapsed 5120s)
  [92/250] WCSAC+F seed 3311302123: 997s  (elapsed 5163s)
  [93/250] WCSAC+F seed 1494885813: 1018s  (elapsed 5221s)
  [94/250] WCSAC+F seed 2037261841: 1045s  (elapsed 5248s)
  [95/250] CRPO+F seed 859387382: 1363s  (elapsed 5350s)
  [96/250] WCSAC+F seed 765964185: 1033s  (elapsed 5386s)
  [97/250] SafeRL-none seed 3736873475: 811s  (elapsed 5480s)
  [98/250] SafeRL-none seed 3216124221: 809s  (elapsed 5505s)
  [99/250] SafeRL-none seed 3311302123: 800s  (elapsed 5530s)
  [100/250] SafeRL-none seed 2037261841: 806s  (elapsed 5541s)
  [101/250] SafeRL-none seed 1494885813: 807s  (elapsed 5549s)
  [102/250] WCSAC+F seed 3216124221: 1448s  (elapsed 5560s)
  [103/250] SafeRL-none seed 765964185: 798s  (elapsed 5569s)
  [104/250] WCSAC+F seed 1345259536: 949s  (elapsed 5612s)
  [105/250] SafeRL-none seed 396484212: 808s  (elapsed 5641s)
  [106/250] SafeRL-none seed 1345259536: 813s  (elapsed 5675s)
  [107/250] WCSAC+F seed 859387382: 1028s  (elapsed 5691s)
  [108/250] SafeRL-none seed 859387382: 803s  (elapsed 5811s)
  [109/250] SafeRL-aggr seed 3736873475: 831s  (elapsed 5951s)
  [110/250] SafeRL-aggr seed 3216124221: 809s  (elapsed 5972s)
  [111/250] SafeRL-aggr seed 2866381271: 808s  (elapsed 6029s)
  [112/250] SafeRL-none seed 2866381271: 1328s  (elapsed 6050s)
  [113/250] SafeRL-aggr seed 3311302123: 826s  (elapsed 6074s)
  [114/250] WCSAC+F seed 396484212: 1559s  (elapsed 6115s)
  [115/250] SafeRL-aggr seed 1494885813: 827s  (elapsed 6213s)
  [116/250] SafeRL-aggr seed 765964185: 819s  (elapsed 6299s)
  [117/250] SafeRL-aggr seed 396484212: 817s  (elapsed 6322s)
  [118/250] SafeRL-aggr seed 1345259536: 814s  (elapsed 6344s)
  [119/250] SafeRL-aggr seed 859387382: 817s  (elapsed 6359s)
  [120/250] SafeRL-b+0.25 seed 2866381271: 877s  (elapsed 6446s)
  [121/250] SafeRL-b+0.25 seed 3736873475: 916s  (elapsed 6466s)
  [122/250] SafeRL-b+0.25 seed 2037261841: 876s  (elapsed 6517s)
  [123/250] SafeRL-b+0.25 seed 3311302123: 911s  (elapsed 6523s)
  [124/250] SafeRL-b+0.25 seed 1494885813: 910s  (elapsed 6586s)
  [125/250] SafeRL-b+0.25 seed 765964185: 906s  (elapsed 6596s)
  [126/250] SafeRL-aggr seed 2037261841: 1330s  (elapsed 6681s)
  [127/250] SafeRL-b+0.25 seed 396484212: 897s  (elapsed 6708s)
  [128/250] SafeRL-b+0.25 seed 859387382: 888s  (elapsed 6860s)
  [129/250] SafeRL-b+0.25 seed 1345259536: 913s  (elapsed 6863s)
  [130/250] SafeRL-b+0.5 seed 3736873475: 907s  (elapsed 6936s)
  [131/250] SafeRL-b+0.25 seed 3216124221: 1426s  (elapsed 6987s)
  [132/250] SafeRL-b+0.5 seed 2866381271: 926s  (elapsed 7000s)
  [133/250] SafeRL-b+0.5 seed 2037261841: 916s  (elapsed 7128s)
  [134/250] SafeRL-b+0.5 seed 1494885813: 921s  (elapsed 7220s)
  [135/250] SafeRL-b+0.5 seed 765964185: 901s  (elapsed 7223s)
  [136/250] SafeRL-b+0.5 seed 396484212: 902s  (elapsed 7246s)
  [137/250] SafeRL-b+0.5 seed 1345259536: 914s  (elapsed 7273s)
  [138/250] SafeRL-b+0.5 seed 859387382: 900s  (elapsed 7346s)
  [139/250] SafeRL-b+1.0 seed 3216124221: 892s  (elapsed 7409s)
  [140/250] SafeRL-b+1.0 seed 3736873475: 948s  (elapsed 7413s)
  [141/250] SafeRL-b+1.0 seed 2866381271: 949s  (elapsed 7472s)
  [142/250] SafeRL-b+1.0 seed 3311302123: 892s  (elapsed 7478s)
  [143/250] SafeRL-b+1.0 seed 2037261841: 910s  (elapsed 7507s)
  [144/250] SafeRL-b+0.5 seed 3216124221: 1483s  (elapsed 7532s)
  [145/250] SafeRL-b+0.5 seed 3311302123: 1475s  (elapsed 7590s)
  [146/250] SafeRL-b+1.0 seed 765964185: 888s  (elapsed 7596s)
  [147/250] SafeRL-b+1.0 seed 396484212: 875s  (elapsed 7736s)
  [148/250] SafeRL-b+1.0 seed 1494885813: 1106s  (elapsed 7787s)
  [149/250] SafeRL-b+1.0 seed 1345259536: 954s  (elapsed 7818s)
  [150/250] SafeRL-b+1.0 seed 859387382: 913s  (elapsed 7848s)
  [151/250] SafeRL-b-0.25 seed 3216124221: 894s  (elapsed 7894s)
  [152/250] SafeRL-b-0.25 seed 2866381271: 896s  (elapsed 8025s)
  [153/250] SafeRL-b-0.25 seed 2037261841: 890s  (elapsed 8113s)
  [154/250] SafeRL-b-0.25 seed 1494885813: 883s  (elapsed 8129s)
  [155/250] SafeRL-b-0.25 seed 3736873475: 1153s  (elapsed 8140s)
  [156/250] SafeRL-b-0.25 seed 396484212: 875s  (elapsed 8221s)
  [157/250] SafeRL-b-0.25 seed 1345259536: 886s  (elapsed 8295s)
  [158/250] SafeRL-b-0.25 seed 859387382: 889s  (elapsed 8303s)
  [159/250] SafeRL-beta0.90 seed 3736873475: 892s  (elapsed 8364s)
  [160/250] SafeRL-beta0.90 seed 2866381271: 878s  (elapsed 8384s)
  [161/250] SafeRL-b-0.25 seed 765964185: 1184s  (elapsed 8457s)
  [162/250] SafeRL-beta0.90 seed 1494885813: 874s  (elapsed 8470s)
  [163/250] SafeRL-beta0.90 seed 2037261841: 913s  (elapsed 8502s)
  [164/250] SafeRL-b-0.25 seed 3311302123: 1383s  (elapsed 8604s)
  [165/250] SafeRL-beta0.90 seed 765964185: 890s  (elapsed 8626s)
  [166/250] SafeRL-beta0.90 seed 396484212: 889s  (elapsed 8675s)
  [167/250] SafeRL-beta0.90 seed 1345259536: 897s  (elapsed 8715s)
  [168/250] SafeRL-beta0.90 seed 859387382: 876s  (elapsed 8724s)
  [169/250] SafeRL-beta0.90 seed 3216124221: 1303s  (elapsed 8781s)
  [170/250] SafeRL-beta0.99 seed 3736873475: 899s  (elapsed 8793s)
  [171/250] SafeRL-beta0.99 seed 3216124221: 891s  (elapsed 8916s)
  [172/250] SafeRL-beta0.90 seed 3311302123: 1423s  (elapsed 8956s)
  [173/250] SafeRL-beta0.99 seed 2866381271: 898s  (elapsed 9011s)
  [174/250] SafeRL-beta0.99 seed 2037261841: 889s  (elapsed 9029s)
  [175/250] SafeRL-beta0.99 seed 3311302123: 900s  (elapsed 9030s)
  [176/250] SafeRL-beta0.99 seed 1494885813: 892s  (elapsed 9113s)
  [177/250] SafeRL-beta0.99 seed 396484212: 896s  (elapsed 9199s)
  [178/250] SafeRL-beta0.99 seed 765964185: 904s  (elapsed 9200s)
  [179/250] SafeRL-beta0.99 seed 1345259536: 900s  (elapsed 9263s)
  [180/250] SafeRL-beta0.99 seed 859387382: 888s  (elapsed 9272s)
  [181/250] SafeRL-kappa0 seed 3216124221: 892s  (elapsed 9362s)
  [182/250] SafeRL-kappa0 seed 2866381271: 906s  (elapsed 9409s)
  [183/250] SafeRL-kappa0 seed 2037261841: 907s  (elapsed 9533s)
  [184/250] SafeRL-kappa0 seed 1494885813: 899s  (elapsed 9575s)
  [185/250] SafeRL-kappa0 seed 765964185: 905s  (elapsed 9620s)
  [186/250] SafeRL-kappa0 seed 396484212: 897s  (elapsed 9621s)
  [187/250] SafeRL-kappa0 seed 859387382: 951s  (elapsed 9744s)
  [188/250] SafeRL-kappa0.5 seed 3736873475: 909s  (elapsed 9825s)
  [189/250] SafeRL-kappa0.5 seed 2866381271: 899s  (elapsed 9910s)
  [190/250] SafeRL-kappa0.5 seed 3311302123: 905s  (elapsed 9934s)
  [191/250] SafeRL-kappa0.5 seed 2037261841: 908s  (elapsed 9938s)
  [192/250] SafeRL-kappa0 seed 3736873475: 1496s  (elapsed 9953s)
  [193/250] SafeRL-kappa0.5 seed 1494885813: 913s  (elapsed 10026s)
  [194/250] SafeRL-kappa0.5 seed 3216124221: 1093s  (elapsed 10049s)
  [195/250] SafeRL-kappa0.5 seed 396484212: 888s  (elapsed 10087s)
  [196/250] SafeRL-kappa0 seed 3311302123: 1506s  (elapsed 10109s)
  [197/250] SafeRL-kappa0.5 seed 765964185: 911s  (elapsed 10109s)
  [198/250] SafeRL-kappa0.5 seed 859387382: 890s  (elapsed 10163s)
  [199/250] SafeRL-kappa0.5 seed 1345259536: 914s  (elapsed 10177s)
  [200/250] SafeRL-kappa0 seed 1345259536: 1431s  (elapsed 10212s)
  [201/250] SafeRL-kappa2 seed 3216124221: 880s  (elapsed 10288s)
  [202/250] SafeRL-kappa2 seed 2866381271: 886s  (elapsed 10419s)
  [203/250] SafeRL-kappa2 seed 3311302123: 882s  (elapsed 10456s)
  [204/250] SafeRL-kappa2 seed 1494885813: 874s  (elapsed 10495s)
  [205/250] SafeRL-kappa2 seed 2037261841: 890s  (elapsed 10511s)
  [206/250] SafeRL-kappa2 seed 765964185: 891s  (elapsed 10635s)
  [207/250] SafeRL-kappa2 seed 396484212: 877s  (elapsed 10703s)
  [208/250] SafeRL-kappa2 seed 3736873475: 1351s  (elapsed 10713s)
  [209/250] SafeRL-kappa2 seed 1345259536: 870s  (elapsed 10780s)
  [210/250] SafeRL-kappa2 seed 859387382: 883s  (elapsed 10817s)
  [211/250] SafeRL-q0.25 seed 3736873475: 952s  (elapsed 10890s)
  [212/250] SafeRL-q0.25 seed 2866381271: 952s  (elapsed 10978s)
  [213/250] SafeRL-q0.25 seed 3311302123: 950s  (elapsed 10998s)
  [214/250] SafeRL-q0.25 seed 2037261841: 955s  (elapsed 11042s)
  [215/250] SafeRL-q0.25 seed 765964185: 957s  (elapsed 11067s)
  [216/250] SafeRL-q0.25 seed 396484212: 942s  (elapsed 11105s)
  [217/250] SafeRL-q4 seed 3736873475: 823s  (elapsed 11112s)
  [218/250] SafeRL-q0.25 seed 1345259536: 949s  (elapsed 11126s)
  [219/250] SafeRL-q4 seed 3216124221: 828s  (elapsed 11248s)
  [220/250] SafeRL-q4 seed 2866381271: 831s  (elapsed 11287s)
  [221/250] SafeRL-q4 seed 3311302123: 832s  (elapsed 11327s)
  [222/250] SafeRL-q4 seed 2037261841: 832s  (elapsed 11343s)
  [223/250] SafeRL-q0.25 seed 3216124221: 1512s  (elapsed 11465s)
  [224/250] SafeRL-q4 seed 1494885813: 832s  (elapsed 11467s)
  [225/250] SafeRL-q0.25 seed 1494885813: 1387s  (elapsed 11496s)
  [226/250] SafeRL-q4 seed 765964185: 823s  (elapsed 11526s)
  [227/250] SafeRL-q4 seed 1345259536: 820s  (elapsed 11601s)
  [228/250] SafeRL-q4 seed 859387382: 824s  (elapsed 11641s)
  [229/250] SafeRL-q0.25 seed 859387382: 1508s  (elapsed 11720s)
  [230/250] SafeRL-q4 seed 396484212: 1041s  (elapsed 11754s)
  [231/250] SafeRL-lam10 seed 3216124221: 876s  (elapsed 11854s)
  [232/250] SafeRL-lam10 seed 2866381271: 870s  (elapsed 11868s)
  [233/250] SafeRL-lam10 seed 3311302123: 879s  (elapsed 11921s)
  [234/250] SafeRL-lam10 seed 1494885813: 851s  (elapsed 11956s)
  [235/250] SafeRL-lam10 seed 396484212: 853s  (elapsed 11979s)
  [236/250] SafeRL-lam10 seed 765964185: 871s  (elapsed 11983s)
  [237/250] SafeRL-lam10 seed 3736873475: 1138s  (elapsed 12027s)
  [238/250] SafeRL-lam200 seed 3736873475: 741s  (elapsed 12068s)
  [239/250] SafeRL-lam10 seed 1345259536: 836s  (elapsed 12083s)
  [240/250] SafeRL-lam10 seed 859387382: 836s  (elapsed 12123s)
  [241/250] SafeRL-lam200 seed 3216124221: 781s  (elapsed 12124s)
  [242/250] SafeRL-lam200 seed 3311302123: 717s  (elapsed 12184s)
  [243/250] SafeRL-lam10 seed 2037261841: 1145s  (elapsed 12212s)
  [244/250] SafeRL-lam200 seed 2037261841: 720s  (elapsed 12216s)
  [245/250] SafeRL-lam200 seed 765964185: 654s  (elapsed 12255s)
  [246/250] SafeRL-lam200 seed 1494885813: 769s  (elapsed 12295s)
  [247/250] SafeRL-lam200 seed 2866381271: 833s  (elapsed 12298s)
  [248/250] SafeRL-lam200 seed 396484212: 661s  (elapsed 12303s)
  [249/250] SafeRL-lam200 seed 859387382: 624s  (elapsed 12378s)
  [250/250] SafeRL-lam200 seed 1345259536: 724s  (elapsed 12444s)
[r2] train done in 12444s
=== evaluate Sat Sep 26 04:16:33 AM CDT 2026
[evaluate] 300 evaluations
  -> sim/results/r2/learned_headline_filter_sens_scale.json
[r2] evaluate done in 149s
=== stress Sat Sep 26 04:19:03 AM CDT 2026
[stress] untrained and all-sleep proposals, filter on/off
  rate 0.3 untrained filter True  Qbar=     2.29 P= 1274.3
  rate 0.3 untrained filter False Qbar=     2.92 P= 1259.0
  rate 0.3 allsleep  filter True  Qbar=     6.09 P=  883.6
  rate 0.3 allsleep  filter False Qbar=  6433.01 P=   56.0
  rate 0.5 untrained filter True  Qbar=     4.59 P= 1325.9
  rate 0.5 untrained filter False Qbar=   290.90 P= 1254.1
  rate 0.5 allsleep  filter True  Qbar=     7.96 P= 1125.3
  rate 0.5 allsleep  filter False Qbar= 10699.84 P=   56.0
  rate 0.7 untrained filter True  Qbar=    10.29 P= 1399.4
  rate 0.7 untrained filter False Qbar=  2704.99 P= 1252.6
  rate 0.7 allsleep  filter True  Qbar=    12.89 P= 1298.6
  rate 0.7 allsleep  filter False Qbar= 14992.27 P=   56.0
  -> sim/results/r2/stress.json
[r2] stress done in 21s
=== corr Sat Sep 26 04:19:26 AM CDT 2026
[corr] correlated channel with matched marginal
  iid       AO CVaR=3.050 SafeRL CVaR=3.468 marginal mean 1.043 (pool 1.043)
  temporal  AO CVaR=9.308 SafeRL CVaR=9.664 marginal mean 1.049 (pool 1.043)
  spatial   AO CVaR=3.193 SafeRL CVaR=3.710 marginal mean 1.039 (pool 1.043)
  load      AO CVaR=4.120 SafeRL CVaR=4.588 marginal mean 1.042 (pool 1.043)
  joint     AO CVaR=9.912 SafeRL CVaR=9.981 marginal mean 1.030 (pool 1.043)
  -> sim/results/r2/correlation.json
[r2] corr done in 24s
=== timing Sat Sep 26 04:19:51 AM CDT 2026
[timing] sequential, one process, one thread
  K=7: actor p50 46 us, filter p50 5 us, total p99 112 us
  K=19: actor p50 47 us, filter p50 5 us, total p99 122 us
  K=37: actor p50 51 us, filter p50 6 us, total p99 136 us
  K=61: actor p50 53 us, filter p50 87 us, total p99 154 us
  -> sim/results/r2/timing.json
[r2] timing done in 3s
=== ALL DONE Sat Sep 26 04:19:55 AM CDT 2026
